// Jest Snapshot v1, https://goo.gl/fbAQLP

exports[`renders 1`] = `
<Maps
  defaultZoomLevel="city"
  dynamicMarkers={[]}
  fitToMarkers={true}
  interactive={true}
  mapType="standard"
  markers={
    [
      {
        "iconColor": "red",
        "iconSize": 1,
        "latitude": {
          "status": "available",
          "value": "35.6895",
        },
        "locationType": "latlng",
        "longitude": {
          "status": "available",
          "value": "139.6917",
        },
      },
      {
        "iconColor": "red",
        "iconSize": 1,
        "latitude": {
          "status": "available",
          "value": "52.3702",
        },
        "locationType": "latlng",
        "longitude": {
          "status": "available",
          "value": "4.8952",
        },
      },
    ]
  }
  maxZoomLevel="streets"
  minZoomLevel="city"
  name="maps-test"
  provider="default"
  showsUserLocation={false}
  style={[]}
>
  <View
    style={
      {
        "minHeight": 50,
      }
    }
    testID="maps-test"
  >
    <View
      style={
        {
          "minHeight": 50,
        }
      }
      testID="maps-test"
    >
      <View
        style={
          {
            "alignItems": "center",
            "backgroundColor": "#fafafa",
            "bottom": 0,
            "justifyContent": "center",
            "left": 0,
            "position": "absolute",
            "right": 0,
            "top": 0,
            "zIndex": 99,
          }
        }
      >
        <View
          style={
            {
              "alignItems": "center",
              "backgroundColor": "#fafafa",
              "bottom": 0,
              "justifyContent": "center",
              "left": 0,
              "position": "absolute",
              "right": 0,
              "top": 0,
              "zIndex": 99,
            }
          }
        >
          <ActivityIndicator
            size="large"
          >
            <ActivityIndicator
              size="large"
            />
          </ActivityIndicator>
        </View>
      </View>
    </View>
  </View>
</Maps>
`;
